// Jest Snapshot v1, https://goo.gl/fbAQLP

exports[`render AddExpencePage 1`] = `
<div>
  <h1>
    his is from the add expense page
  </h1>
  <ExpenseForm
    className="ExpenseForm"
    onSubmit={[Function]}
  />
</div>
`;
